
> fluxo-prod@0.1.0 build
> vite build

[36mvite v6.4.1 [32mbuilding for production...[36m[39m
transforming...
[32mÔ£ô[39m 3641 modules transformed.
node.exe : [31mÔ£ù[39m Build failed in 18.47s
No linha:1 caractere:1
+ & "C:\Program Files\nodejs/node.exe" "C:\Program 
Files\nodejs/node_mo ...
+ ~~~~~~~~~~~~~~~~~~~~~~~~~~~~~~~~~~~~~~~~~~~~~~~~~~~
~~~~~~~~~~~~~~~~~~
    + CategoryInfo          : NotSpecified: ([31mÔ£ 
   ù[39m Build failed in 18.47s:String) [], Remote  
  Exception
    + FullyQualifiedErrorId : NativeCommandError
 
[31merror during build:
[31msrc/Pages/Gerencial/GerencialDashboard.jsx 
(10:4): "CheckDouble" is not exported by "node_module
s/lucide-react/dist/esm/lucide-react.js", imported 
by "src/Pages/Gerencial/GerencialDashboard.jsx".[31m
file: [36mC:/Users/153758/.gemini/antigravity/scratc
h/fluxoProd-main/src/Pages/Gerencial/GerencialDashboa
rd.jsx:10:4[31m
[33m
 8:     Cuboid,
 9:     ArrowRightToLine,
10:     CheckDouble,
        ^
11:     Flame,
12:     AlertTriangle,
[31m
    at getRollupError (file:///C:/Users/153758/.gemin
i/antigravity/scratch/fluxoProd-main/node_modules/rol
lup/dist/es/shared/parseAst.js:402:41)
    at error (file:///C:/Users/153758/.gemini/antigra
vity/scratch/fluxoProd-main/node_modules/rollup/dist/
es/shared/parseAst.js:398:42)
    at Module.error (file:///C:/Users/153758/.gemini/
antigravity/scratch/fluxoProd-main/node_modules/rollu
p/dist/es/shared/node-entry.js:17040:16)
    at Module.traceVariable (file:///C:/Users/153758/
.gemini/antigravity/scratch/fluxoProd-main/node_modul
es/rollup/dist/es/shared/node-entry.js:17452:29)
    at ModuleScope.findVariable (file:///C:/Users/153
758/.gemini/antigravity/scratch/fluxoProd-main/node_m
odules/rollup/dist/es/shared/node-entry.js:15070:39)
    at FunctionScope.findVariable (file:///C:/Users/1
53758/.gemini/antigravity/scratch/fluxoProd-main/node
_modules/rollup/dist/es/shared/node-entry.js:5673:38)
    at FunctionBodyScope.findVariable (file:///C:/Use
rs/153758/.gemini/antigravity/scratch/fluxoProd-main/
node_modules/rollup/dist/es/shared/node-entry.js:5673
:38)
    at Identifier.bind (file:///C:/Users/153758/.gemi
ni/antigravity/scratch/fluxoProd-main/node_modules/ro
llup/dist/es/shared/node-entry.js:5447:40)
    at CallExpression.bind (file:///C:/Users/153758/.
gemini/antigravity/scratch/fluxoProd-main/node_module
s/rollup/dist/es/shared/node-entry.js:2825:28)
    at CallExpression.bind (file:///C:/Users/153758/.
gemini/antigravity/scratch/fluxoProd-main/node_module
s/rollup/dist/es/shared/node-entry.js:12179:15)[39m
