Testing Contract Creation via API...
node : API Error: 
500 {
No linha:1 
caractere:1
+ node server/test_a
pi_create.js > 
test_output.txt 2>&1
+ ~~~~~~~~~~~~~~~~~~
~~~~~~~~~~~~~~~~~~~~
~~~~~~~~~~~~~~~
    + CategoryInfo  
            : 
NotSpecified:     
(API Error: 500 
{:St    ring) [], 
RemoteExce    ption
    + 
FullyQualifiedErro  
  rId : 
NativeCommandE    
rror
 
  error: 'duplicar 
valor da chave 
viola a restri├º├úo 
de unicidade "deadli
ne_contracts_pkey"',
  stack: 'error: 
duplicar valor da 
chave viola a 
restri├º├úo de 
unicidade "deadline_
contracts_pkey"\n' +
    '    at C:\\User
s\\153758\\.gemini\\
antigravity\\scratch
\\fluxoProd-main\\se
rver\\node_modules\\
pg-pool\\index.js:45
:11\n' +
    '    at process.
processTicksAndRejec
tions (node:internal
/process/task_queues
:103:5)\n' +
    '    at async C:
\\Users\\153758\\.ge
mini\\antigravity\\s
cratch\\fluxoProd-ma
in\\server\\index.js
:220:28'
}
